// Jest Snapshot v1, https://goo.gl/fbAQLP

exports[`withUserAnswer is rendered correctly 1`] = `<div />`;
