// Jest Snapshot v1, https://goo.gl/fbAQLP

exports[`withActivePlayer is rendered correctly 1`] = `<div />`;
